// Jest Snapshot v1, https://goo.gl/fbAQLP

exports[`Search Component should match the snapshot 1`] = `
ShallowWrapper {
  Symbol(enzyme.__root__): [Circular],
  Symbol(enzyme.__unrendered__): <Search />,
  Symbol(enzyme.__renderer__): Object {
    "batchedUpdates": [Function],
    "getNode": [Function],
    "render": [Function],
    "simulateError": [Function],
    "simulateEvent": [Function],
    "unmount": [Function],
  },
  Symbol(enzyme.__node__): Object {
    "instance": null,
    "key": undefined,
    "nodeType": "host",
    "props": Object {
      "children": <div
        className="search-button"
      >
        <img
          className="search-image"
          onClick={[Function]}
          src="search.svg"
        />
        <input
          className="search-bar"
          name="search"
          onChange={[Function]}
          placeholder="Search"
          type="text"
          value=""
        />
      </div>,
      "className": "bigger-box",
    },
    "ref": null,
    "rendered": Object {
      "instance": null,
      "key": undefined,
      "nodeType": "host",
      "props": Object {
        "children": Array [
          <img
            className="search-image"
            onClick={[Function]}
            src="search.svg"
          />,
          <input
            className="search-bar"
            name="search"
            onChange={[Function]}
            placeholder="Search"
            type="text"
            value=""
          />,
        ],
        "className": "search-button",
      },
      "ref": null,
      "rendered": Array [
        Object {
          "instance": null,
          "key": undefined,
          "nodeType": "host",
          "props": Object {
            "className": "search-image",
            "onClick": [Function],
            "src": "search.svg",
          },
          "ref": null,
          "rendered": null,
          "type": "img",
        },
        Object {
          "instance": null,
          "key": undefined,
          "nodeType": "host",
          "props": Object {
            "className": "search-bar",
            "name": "search",
            "onChange": [Function],
            "placeholder": "Search",
            "type": "text",
            "value": "",
          },
          "ref": null,
          "rendered": null,
          "type": "input",
        },
      ],
      "type": "div",
    },
    "type": "div",
  },
  Symbol(enzyme.__nodes__): Array [
    Object {
      "instance": null,
      "key": undefined,
      "nodeType": "host",
      "props": Object {
        "children": <div
          className="search-button"
        >
          <img
            className="search-image"
            onClick={[Function]}
            src="search.svg"
          />
          <input
            className="search-bar"
            name="search"
            onChange={[Function]}
            placeholder="Search"
            type="text"
            value=""
          />
        </div>,
        "className": "bigger-box",
      },
      "ref": null,
      "rendered": Object {
        "instance": null,
        "key": undefined,
        "nodeType": "host",
        "props": Object {
          "children": Array [
            <img
              className="search-image"
              onClick={[Function]}
              src="search.svg"
            />,
            <input
              className="search-bar"
              name="search"
              onChange={[Function]}
              placeholder="Search"
              type="text"
              value=""
            />,
          ],
          "className": "search-button",
        },
        "ref": null,
        "rendered": Array [
          Object {
            "instance": null,
            "key": undefined,
            "nodeType": "host",
            "props": Object {
              "className": "search-image",
              "onClick": [Function],
              "src": "search.svg",
            },
            "ref": null,
            "rendered": null,
            "type": "img",
          },
          Object {
            "instance": null,
            "key": undefined,
            "nodeType": "host",
            "props": Object {
              "className": "search-bar",
              "name": "search",
              "onChange": [Function],
              "placeholder": "Search",
              "type": "text",
              "value": "",
            },
            "ref": null,
            "rendered": null,
            "type": "input",
          },
        ],
        "type": "div",
      },
      "type": "div",
    },
  ],
  Symbol(enzyme.__options__): Object {
    "adapter": ReactSixteenAdapter {
      "options": Object {
        "enableComponentDidUpdateOnSetState": true,
        "lifecycles": Object {
          "componentDidUpdate": Object {
            "onSetState": true,
          },
          "getDerivedStateFromProps": true,
          "getSnapshotBeforeUpdate": true,
          "setState": Object {
            "skipsComponentDidUpdateOnNullish": true,
          },
        },
      },
    },
  },
}
`;
