// Jest Snapshot v1, https://goo.gl/fbAQLP

exports[`FavoritesContainer Component should match the snapshot 1`] = `
ShallowWrapper {
  Symbol(enzyme.__root__): [Circular],
  Symbol(enzyme.__unrendered__): <FavoritesContainer
    favorites={
      Array [
        Object {
          "market_cap_usd": "62506159630.7222615731538755",
          "max_supply": "21000000.0000000000000000",
          "name": "Bitcoin",
          "percent_change_24_hr": "0.8320854828625978",
          "price_usd": "3586.1585871814097615",
          "rank": "1",
          "supply": "17429837.0000000000000000",
          "symbol": "BTC",
        },
        Object {
          "market_cap_usd": "13612140064.7471135264064432",
          "max_supply": "100000000000.0000000000000000",
          "name": "XRP",
          "percent_change_24_hr": "3.9433058589033265",
          "price_usd": "0.3339389135808078",
          "rank": "2",
          "supply": "40762365544.0000000000000000",
          "symbol": "XRP",
        },
        Object {
          "market_cap_usd": "9875418262.8035156239002594",
          "max_supply": null,
          "name": "Ethereum",
          "percent_change_24_hr": "0.2048869680495625",
          "price_usd": "95.0699694086438060",
          "rank": "3",
          "supply": "103875264.9678000000000000",
          "symbol": "ETH",
        },
        Object {
          "market_cap_usd": "2299890068.4280425642158096",
          "max_supply": null,
          "name": "EOS",
          "percent_change_24_hr": "6.8707627494412566",
          "price_usd": "2.5378234031415460",
          "rank": "4",
          "supply": "906245117.6000000000000000",
          "symbol": "EOS",
        },
        Object {
          "market_cap_usd": "2101330537.3210911914502786",
          "max_supply": null,
          "name": "Stellar",
          "percent_change_24_hr": "-0.5797575094501702",
          "price_usd": "0.1096095384438811",
          "rank": "5",
          "supply": "19171055431.4299000000000000",
          "symbol": "XLM",
        },
      ]
    }
  />,
  Symbol(enzyme.__renderer__): Object {
    "batchedUpdates": [Function],
    "getNode": [Function],
    "render": [Function],
    "simulateError": [Function],
    "simulateEvent": [Function],
    "unmount": [Function],
  },
  Symbol(enzyme.__node__): Object {
    "instance": null,
    "key": undefined,
    "nodeType": "host",
    "props": Object {
      "children": <div
        className="container"
      >
        <Slider
          arrows={false}
          buttons={false}
          dots={true}
          infinite={true}
          initialSlide={1}
          slidesToScroll={1}
          slidesToShow={1}
          swipe={true}
          vertical={true}
          verticalSwiping={true}
        >
          <FavoriteCurrencies
            favorite={
              Object {
                "market_cap_usd": "62506159630.7222615731538755",
                "max_supply": "21000000.0000000000000000",
                "name": "Bitcoin",
                "percent_change_24_hr": "0.8320854828625978",
                "price_usd": "3586.1585871814097615",
                "rank": "1",
                "supply": "17429837.0000000000000000",
                "symbol": "BTC",
              }
            }
          />
          <FavoriteCurrencies
            favorite={
              Object {
                "market_cap_usd": "13612140064.7471135264064432",
                "max_supply": "100000000000.0000000000000000",
                "name": "XRP",
                "percent_change_24_hr": "3.9433058589033265",
                "price_usd": "0.3339389135808078",
                "rank": "2",
                "supply": "40762365544.0000000000000000",
                "symbol": "XRP",
              }
            }
          />
          <FavoriteCurrencies
            favorite={
              Object {
                "market_cap_usd": "9875418262.8035156239002594",
                "max_supply": null,
                "name": "Ethereum",
                "percent_change_24_hr": "0.2048869680495625",
                "price_usd": "95.0699694086438060",
                "rank": "3",
                "supply": "103875264.9678000000000000",
                "symbol": "ETH",
              }
            }
          />
          <FavoriteCurrencies
            favorite={
              Object {
                "market_cap_usd": "2299890068.4280425642158096",
                "max_supply": null,
                "name": "EOS",
                "percent_change_24_hr": "6.8707627494412566",
                "price_usd": "2.5378234031415460",
                "rank": "4",
                "supply": "906245117.6000000000000000",
                "symbol": "EOS",
              }
            }
          />
          <FavoriteCurrencies
            favorite={
              Object {
                "market_cap_usd": "2101330537.3210911914502786",
                "max_supply": null,
                "name": "Stellar",
                "percent_change_24_hr": "-0.5797575094501702",
                "price_usd": "0.1096095384438811",
                "rank": "5",
                "supply": "19171055431.4299000000000000",
                "symbol": "XLM",
              }
            }
          />
        </Slider>
      </div>,
      "className": "container-box",
    },
    "ref": null,
    "rendered": Object {
      "instance": null,
      "key": undefined,
      "nodeType": "host",
      "props": Object {
        "children": <Slider
          arrows={false}
          buttons={false}
          dots={true}
          infinite={true}
          initialSlide={1}
          slidesToScroll={1}
          slidesToShow={1}
          swipe={true}
          vertical={true}
          verticalSwiping={true}
        >
          <FavoriteCurrencies
            favorite={
              Object {
                "market_cap_usd": "62506159630.7222615731538755",
                "max_supply": "21000000.0000000000000000",
                "name": "Bitcoin",
                "percent_change_24_hr": "0.8320854828625978",
                "price_usd": "3586.1585871814097615",
                "rank": "1",
                "supply": "17429837.0000000000000000",
                "symbol": "BTC",
              }
            }
          />
          <FavoriteCurrencies
            favorite={
              Object {
                "market_cap_usd": "13612140064.7471135264064432",
                "max_supply": "100000000000.0000000000000000",
                "name": "XRP",
                "percent_change_24_hr": "3.9433058589033265",
                "price_usd": "0.3339389135808078",
                "rank": "2",
                "supply": "40762365544.0000000000000000",
                "symbol": "XRP",
              }
            }
          />
          <FavoriteCurrencies
            favorite={
              Object {
                "market_cap_usd": "9875418262.8035156239002594",
                "max_supply": null,
                "name": "Ethereum",
                "percent_change_24_hr": "0.2048869680495625",
                "price_usd": "95.0699694086438060",
                "rank": "3",
                "supply": "103875264.9678000000000000",
                "symbol": "ETH",
              }
            }
          />
          <FavoriteCurrencies
            favorite={
              Object {
                "market_cap_usd": "2299890068.4280425642158096",
                "max_supply": null,
                "name": "EOS",
                "percent_change_24_hr": "6.8707627494412566",
                "price_usd": "2.5378234031415460",
                "rank": "4",
                "supply": "906245117.6000000000000000",
                "symbol": "EOS",
              }
            }
          />
          <FavoriteCurrencies
            favorite={
              Object {
                "market_cap_usd": "2101330537.3210911914502786",
                "max_supply": null,
                "name": "Stellar",
                "percent_change_24_hr": "-0.5797575094501702",
                "price_usd": "0.1096095384438811",
                "rank": "5",
                "supply": "19171055431.4299000000000000",
                "symbol": "XLM",
              }
            }
          />
        </Slider>,
        "className": "container",
      },
      "ref": null,
      "rendered": Object {
        "instance": null,
        "key": undefined,
        "nodeType": "class",
        "props": Object {
          "arrows": false,
          "buttons": false,
          "children": Array [
            <FavoriteCurrencies
              favorite={
                Object {
                  "market_cap_usd": "62506159630.7222615731538755",
                  "max_supply": "21000000.0000000000000000",
                  "name": "Bitcoin",
                  "percent_change_24_hr": "0.8320854828625978",
                  "price_usd": "3586.1585871814097615",
                  "rank": "1",
                  "supply": "17429837.0000000000000000",
                  "symbol": "BTC",
                }
              }
            />,
            <FavoriteCurrencies
              favorite={
                Object {
                  "market_cap_usd": "13612140064.7471135264064432",
                  "max_supply": "100000000000.0000000000000000",
                  "name": "XRP",
                  "percent_change_24_hr": "3.9433058589033265",
                  "price_usd": "0.3339389135808078",
                  "rank": "2",
                  "supply": "40762365544.0000000000000000",
                  "symbol": "XRP",
                }
              }
            />,
            <FavoriteCurrencies
              favorite={
                Object {
                  "market_cap_usd": "9875418262.8035156239002594",
                  "max_supply": null,
                  "name": "Ethereum",
                  "percent_change_24_hr": "0.2048869680495625",
                  "price_usd": "95.0699694086438060",
                  "rank": "3",
                  "supply": "103875264.9678000000000000",
                  "symbol": "ETH",
                }
              }
            />,
            <FavoriteCurrencies
              favorite={
                Object {
                  "market_cap_usd": "2299890068.4280425642158096",
                  "max_supply": null,
                  "name": "EOS",
                  "percent_change_24_hr": "6.8707627494412566",
                  "price_usd": "2.5378234031415460",
                  "rank": "4",
                  "supply": "906245117.6000000000000000",
                  "symbol": "EOS",
                }
              }
            />,
            <FavoriteCurrencies
              favorite={
                Object {
                  "market_cap_usd": "2101330537.3210911914502786",
                  "max_supply": null,
                  "name": "Stellar",
                  "percent_change_24_hr": "-0.5797575094501702",
                  "price_usd": "0.1096095384438811",
                  "rank": "5",
                  "supply": "19171055431.4299000000000000",
                  "symbol": "XLM",
                }
              }
            />,
          ],
          "dots": true,
          "infinite": true,
          "initialSlide": 1,
          "slidesToScroll": 1,
          "slidesToShow": 1,
          "swipe": true,
          "vertical": true,
          "verticalSwiping": true,
        },
        "ref": null,
        "rendered": Array [
          Object {
            "instance": null,
            "key": undefined,
            "nodeType": "class",
            "props": Object {
              "addToFavorites": undefined,
              "favorite": Object {
                "market_cap_usd": "62506159630.7222615731538755",
                "max_supply": "21000000.0000000000000000",
                "name": "Bitcoin",
                "percent_change_24_hr": "0.8320854828625978",
                "price_usd": "3586.1585871814097615",
                "rank": "1",
                "supply": "17429837.0000000000000000",
                "symbol": "BTC",
              },
              "removeFromFavorites": undefined,
            },
            "ref": null,
            "rendered": null,
            "type": [Function],
          },
          Object {
            "instance": null,
            "key": undefined,
            "nodeType": "class",
            "props": Object {
              "addToFavorites": undefined,
              "favorite": Object {
                "market_cap_usd": "13612140064.7471135264064432",
                "max_supply": "100000000000.0000000000000000",
                "name": "XRP",
                "percent_change_24_hr": "3.9433058589033265",
                "price_usd": "0.3339389135808078",
                "rank": "2",
                "supply": "40762365544.0000000000000000",
                "symbol": "XRP",
              },
              "removeFromFavorites": undefined,
            },
            "ref": null,
            "rendered": null,
            "type": [Function],
          },
          Object {
            "instance": null,
            "key": undefined,
            "nodeType": "class",
            "props": Object {
              "addToFavorites": undefined,
              "favorite": Object {
                "market_cap_usd": "9875418262.8035156239002594",
                "max_supply": null,
                "name": "Ethereum",
                "percent_change_24_hr": "0.2048869680495625",
                "price_usd": "95.0699694086438060",
                "rank": "3",
                "supply": "103875264.9678000000000000",
                "symbol": "ETH",
              },
              "removeFromFavorites": undefined,
            },
            "ref": null,
            "rendered": null,
            "type": [Function],
          },
          Object {
            "instance": null,
            "key": undefined,
            "nodeType": "class",
            "props": Object {
              "addToFavorites": undefined,
              "favorite": Object {
                "market_cap_usd": "2299890068.4280425642158096",
                "max_supply": null,
                "name": "EOS",
                "percent_change_24_hr": "6.8707627494412566",
                "price_usd": "2.5378234031415460",
                "rank": "4",
                "supply": "906245117.6000000000000000",
                "symbol": "EOS",
              },
              "removeFromFavorites": undefined,
            },
            "ref": null,
            "rendered": null,
            "type": [Function],
          },
          Object {
            "instance": null,
            "key": undefined,
            "nodeType": "class",
            "props": Object {
              "addToFavorites": undefined,
              "favorite": Object {
                "market_cap_usd": "2101330537.3210911914502786",
                "max_supply": null,
                "name": "Stellar",
                "percent_change_24_hr": "-0.5797575094501702",
                "price_usd": "0.1096095384438811",
                "rank": "5",
                "supply": "19171055431.4299000000000000",
                "symbol": "XLM",
              },
              "removeFromFavorites": undefined,
            },
            "ref": null,
            "rendered": null,
            "type": [Function],
          },
        ],
        "type": [Function],
      },
      "type": "div",
    },
    "type": "div",
  },
  Symbol(enzyme.__nodes__): Array [
    Object {
      "instance": null,
      "key": undefined,
      "nodeType": "host",
      "props": Object {
        "children": <div
          className="container"
        >
          <Slider
            arrows={false}
            buttons={false}
            dots={true}
            infinite={true}
            initialSlide={1}
            slidesToScroll={1}
            slidesToShow={1}
            swipe={true}
            vertical={true}
            verticalSwiping={true}
          >
            <FavoriteCurrencies
              favorite={
                Object {
                  "market_cap_usd": "62506159630.7222615731538755",
                  "max_supply": "21000000.0000000000000000",
                  "name": "Bitcoin",
                  "percent_change_24_hr": "0.8320854828625978",
                  "price_usd": "3586.1585871814097615",
                  "rank": "1",
                  "supply": "17429837.0000000000000000",
                  "symbol": "BTC",
                }
              }
            />
            <FavoriteCurrencies
              favorite={
                Object {
                  "market_cap_usd": "13612140064.7471135264064432",
                  "max_supply": "100000000000.0000000000000000",
                  "name": "XRP",
                  "percent_change_24_hr": "3.9433058589033265",
                  "price_usd": "0.3339389135808078",
                  "rank": "2",
                  "supply": "40762365544.0000000000000000",
                  "symbol": "XRP",
                }
              }
            />
            <FavoriteCurrencies
              favorite={
                Object {
                  "market_cap_usd": "9875418262.8035156239002594",
                  "max_supply": null,
                  "name": "Ethereum",
                  "percent_change_24_hr": "0.2048869680495625",
                  "price_usd": "95.0699694086438060",
                  "rank": "3",
                  "supply": "103875264.9678000000000000",
                  "symbol": "ETH",
                }
              }
            />
            <FavoriteCurrencies
              favorite={
                Object {
                  "market_cap_usd": "2299890068.4280425642158096",
                  "max_supply": null,
                  "name": "EOS",
                  "percent_change_24_hr": "6.8707627494412566",
                  "price_usd": "2.5378234031415460",
                  "rank": "4",
                  "supply": "906245117.6000000000000000",
                  "symbol": "EOS",
                }
              }
            />
            <FavoriteCurrencies
              favorite={
                Object {
                  "market_cap_usd": "2101330537.3210911914502786",
                  "max_supply": null,
                  "name": "Stellar",
                  "percent_change_24_hr": "-0.5797575094501702",
                  "price_usd": "0.1096095384438811",
                  "rank": "5",
                  "supply": "19171055431.4299000000000000",
                  "symbol": "XLM",
                }
              }
            />
          </Slider>
        </div>,
        "className": "container-box",
      },
      "ref": null,
      "rendered": Object {
        "instance": null,
        "key": undefined,
        "nodeType": "host",
        "props": Object {
          "children": <Slider
            arrows={false}
            buttons={false}
            dots={true}
            infinite={true}
            initialSlide={1}
            slidesToScroll={1}
            slidesToShow={1}
            swipe={true}
            vertical={true}
            verticalSwiping={true}
          >
            <FavoriteCurrencies
              favorite={
                Object {
                  "market_cap_usd": "62506159630.7222615731538755",
                  "max_supply": "21000000.0000000000000000",
                  "name": "Bitcoin",
                  "percent_change_24_hr": "0.8320854828625978",
                  "price_usd": "3586.1585871814097615",
                  "rank": "1",
                  "supply": "17429837.0000000000000000",
                  "symbol": "BTC",
                }
              }
            />
            <FavoriteCurrencies
              favorite={
                Object {
                  "market_cap_usd": "13612140064.7471135264064432",
                  "max_supply": "100000000000.0000000000000000",
                  "name": "XRP",
                  "percent_change_24_hr": "3.9433058589033265",
                  "price_usd": "0.3339389135808078",
                  "rank": "2",
                  "supply": "40762365544.0000000000000000",
                  "symbol": "XRP",
                }
              }
            />
            <FavoriteCurrencies
              favorite={
                Object {
                  "market_cap_usd": "9875418262.8035156239002594",
                  "max_supply": null,
                  "name": "Ethereum",
                  "percent_change_24_hr": "0.2048869680495625",
                  "price_usd": "95.0699694086438060",
                  "rank": "3",
                  "supply": "103875264.9678000000000000",
                  "symbol": "ETH",
                }
              }
            />
            <FavoriteCurrencies
              favorite={
                Object {
                  "market_cap_usd": "2299890068.4280425642158096",
                  "max_supply": null,
                  "name": "EOS",
                  "percent_change_24_hr": "6.8707627494412566",
                  "price_usd": "2.5378234031415460",
                  "rank": "4",
                  "supply": "906245117.6000000000000000",
                  "symbol": "EOS",
                }
              }
            />
            <FavoriteCurrencies
              favorite={
                Object {
                  "market_cap_usd": "2101330537.3210911914502786",
                  "max_supply": null,
                  "name": "Stellar",
                  "percent_change_24_hr": "-0.5797575094501702",
                  "price_usd": "0.1096095384438811",
                  "rank": "5",
                  "supply": "19171055431.4299000000000000",
                  "symbol": "XLM",
                }
              }
            />
          </Slider>,
          "className": "container",
        },
        "ref": null,
        "rendered": Object {
          "instance": null,
          "key": undefined,
          "nodeType": "class",
          "props": Object {
            "arrows": false,
            "buttons": false,
            "children": Array [
              <FavoriteCurrencies
                favorite={
                  Object {
                    "market_cap_usd": "62506159630.7222615731538755",
                    "max_supply": "21000000.0000000000000000",
                    "name": "Bitcoin",
                    "percent_change_24_hr": "0.8320854828625978",
                    "price_usd": "3586.1585871814097615",
                    "rank": "1",
                    "supply": "17429837.0000000000000000",
                    "symbol": "BTC",
                  }
                }
              />,
              <FavoriteCurrencies
                favorite={
                  Object {
                    "market_cap_usd": "13612140064.7471135264064432",
                    "max_supply": "100000000000.0000000000000000",
                    "name": "XRP",
                    "percent_change_24_hr": "3.9433058589033265",
                    "price_usd": "0.3339389135808078",
                    "rank": "2",
                    "supply": "40762365544.0000000000000000",
                    "symbol": "XRP",
                  }
                }
              />,
              <FavoriteCurrencies
                favorite={
                  Object {
                    "market_cap_usd": "9875418262.8035156239002594",
                    "max_supply": null,
                    "name": "Ethereum",
                    "percent_change_24_hr": "0.2048869680495625",
                    "price_usd": "95.0699694086438060",
                    "rank": "3",
                    "supply": "103875264.9678000000000000",
                    "symbol": "ETH",
                  }
                }
              />,
              <FavoriteCurrencies
                favorite={
                  Object {
                    "market_cap_usd": "2299890068.4280425642158096",
                    "max_supply": null,
                    "name": "EOS",
                    "percent_change_24_hr": "6.8707627494412566",
                    "price_usd": "2.5378234031415460",
                    "rank": "4",
                    "supply": "906245117.6000000000000000",
                    "symbol": "EOS",
                  }
                }
              />,
              <FavoriteCurrencies
                favorite={
                  Object {
                    "market_cap_usd": "2101330537.3210911914502786",
                    "max_supply": null,
                    "name": "Stellar",
                    "percent_change_24_hr": "-0.5797575094501702",
                    "price_usd": "0.1096095384438811",
                    "rank": "5",
                    "supply": "19171055431.4299000000000000",
                    "symbol": "XLM",
                  }
                }
              />,
            ],
            "dots": true,
            "infinite": true,
            "initialSlide": 1,
            "slidesToScroll": 1,
            "slidesToShow": 1,
            "swipe": true,
            "vertical": true,
            "verticalSwiping": true,
          },
          "ref": null,
          "rendered": Array [
            Object {
              "instance": null,
              "key": undefined,
              "nodeType": "class",
              "props": Object {
                "addToFavorites": undefined,
                "favorite": Object {
                  "market_cap_usd": "62506159630.7222615731538755",
                  "max_supply": "21000000.0000000000000000",
                  "name": "Bitcoin",
                  "percent_change_24_hr": "0.8320854828625978",
                  "price_usd": "3586.1585871814097615",
                  "rank": "1",
                  "supply": "17429837.0000000000000000",
                  "symbol": "BTC",
                },
                "removeFromFavorites": undefined,
              },
              "ref": null,
              "rendered": null,
              "type": [Function],
            },
            Object {
              "instance": null,
              "key": undefined,
              "nodeType": "class",
              "props": Object {
                "addToFavorites": undefined,
                "favorite": Object {
                  "market_cap_usd": "13612140064.7471135264064432",
                  "max_supply": "100000000000.0000000000000000",
                  "name": "XRP",
                  "percent_change_24_hr": "3.9433058589033265",
                  "price_usd": "0.3339389135808078",
                  "rank": "2",
                  "supply": "40762365544.0000000000000000",
                  "symbol": "XRP",
                },
                "removeFromFavorites": undefined,
              },
              "ref": null,
              "rendered": null,
              "type": [Function],
            },
            Object {
              "instance": null,
              "key": undefined,
              "nodeType": "class",
              "props": Object {
                "addToFavorites": undefined,
                "favorite": Object {
                  "market_cap_usd": "9875418262.8035156239002594",
                  "max_supply": null,
                  "name": "Ethereum",
                  "percent_change_24_hr": "0.2048869680495625",
                  "price_usd": "95.0699694086438060",
                  "rank": "3",
                  "supply": "103875264.9678000000000000",
                  "symbol": "ETH",
                },
                "removeFromFavorites": undefined,
              },
              "ref": null,
              "rendered": null,
              "type": [Function],
            },
            Object {
              "instance": null,
              "key": undefined,
              "nodeType": "class",
              "props": Object {
                "addToFavorites": undefined,
                "favorite": Object {
                  "market_cap_usd": "2299890068.4280425642158096",
                  "max_supply": null,
                  "name": "EOS",
                  "percent_change_24_hr": "6.8707627494412566",
                  "price_usd": "2.5378234031415460",
                  "rank": "4",
                  "supply": "906245117.6000000000000000",
                  "symbol": "EOS",
                },
                "removeFromFavorites": undefined,
              },
              "ref": null,
              "rendered": null,
              "type": [Function],
            },
            Object {
              "instance": null,
              "key": undefined,
              "nodeType": "class",
              "props": Object {
                "addToFavorites": undefined,
                "favorite": Object {
                  "market_cap_usd": "2101330537.3210911914502786",
                  "max_supply": null,
                  "name": "Stellar",
                  "percent_change_24_hr": "-0.5797575094501702",
                  "price_usd": "0.1096095384438811",
                  "rank": "5",
                  "supply": "19171055431.4299000000000000",
                  "symbol": "XLM",
                },
                "removeFromFavorites": undefined,
              },
              "ref": null,
              "rendered": null,
              "type": [Function],
            },
          ],
          "type": [Function],
        },
        "type": "div",
      },
      "type": "div",
    },
  ],
  Symbol(enzyme.__options__): Object {
    "adapter": ReactSixteenAdapter {
      "options": Object {
        "enableComponentDidUpdateOnSetState": true,
        "lifecycles": Object {
          "componentDidUpdate": Object {
            "onSetState": true,
          },
          "getDerivedStateFromProps": true,
          "getSnapshotBeforeUpdate": true,
          "setState": Object {
            "skipsComponentDidUpdateOnNullish": true,
          },
        },
      },
    },
  },
}
`;
