// Jest Snapshot v1, https://goo.gl/fbAQLP

exports[`Landing Component should match the snapshot 1`] = `
ShallowWrapper {
  Symbol(enzyme.__root__): [Circular],
  Symbol(enzyme.__unrendered__): <Landing
    abbrevCurrencies={
      Array [
        Object {
          "name": "Bitcoin",
          "percent_change": 0.83,
          "price": 3586.16,
          "rank": "1",
          "symbol": "BTC",
        },
        Object {
          "name": "XRP",
          "percent_change": 3.94,
          "price": 0.33,
          "rank": "2",
          "symbol": "XRP",
        },
        Object {
          "name": "Ethereum",
          "percent_change": 0.2,
          "price": 95.07,
          "rank": "3",
          "symbol": "ETH",
        },
        Object {
          "name": "EOS",
          "percent_change": 6.87,
          "price": 2.54,
          "rank": "4",
          "symbol": "EOS",
        },
        Object {
          "name": "Stellar",
          "percent_change": -0.58,
          "price": 0.11,
          "rank": "5",
          "symbol": "XLM",
        },
        Object {
          "name": "Tether",
          "percent_change": -0.37,
          "price": 1.02,
          "rank": "6",
          "symbol": "USDT",
        },
        Object {
          "name": "Bitcoin Cash",
          "percent_change": 12.32,
          "price": 100.65,
          "rank": "7",
          "symbol": "BCH",
        },
        Object {
          "name": "Litecoin",
          "percent_change": -1.97,
          "price": 28.99,
          "rank": "8",
          "symbol": "LTC",
        },
        Object {
          "name": "Bitcoin SV",
          "percent_change": -1.04,
          "price": 81.84,
          "rank": "9",
          "symbol": "BSV",
        },
        Object {
          "name": "TRON",
          "percent_change": 0.17,
          "price": 0.01,
          "rank": "10",
          "symbol": "TRX",
        },
      ]
    }
    addToFavorites={[MockFunction]}
    favorites={
      Array [
        Object {
          "market_cap_usd": "62506159630.7222615731538755",
          "max_supply": "21000000.0000000000000000",
          "name": "Bitcoin",
          "percent_change_24_hr": "0.8320854828625978",
          "price_usd": "3586.1585871814097615",
          "rank": "1",
          "supply": "17429837.0000000000000000",
          "symbol": "BTC",
        },
        Object {
          "market_cap_usd": "13612140064.7471135264064432",
          "max_supply": "100000000000.0000000000000000",
          "name": "XRP",
          "percent_change_24_hr": "3.9433058589033265",
          "price_usd": "0.3339389135808078",
          "rank": "2",
          "supply": "40762365544.0000000000000000",
          "symbol": "XRP",
        },
        Object {
          "market_cap_usd": "9875418262.8035156239002594",
          "max_supply": null,
          "name": "Ethereum",
          "percent_change_24_hr": "0.2048869680495625",
          "price_usd": "95.0699694086438060",
          "rank": "3",
          "supply": "103875264.9678000000000000",
          "symbol": "ETH",
        },
        Object {
          "market_cap_usd": "2299890068.4280425642158096",
          "max_supply": null,
          "name": "EOS",
          "percent_change_24_hr": "6.8707627494412566",
          "price_usd": "2.5378234031415460",
          "rank": "4",
          "supply": "906245117.6000000000000000",
          "symbol": "EOS",
        },
        Object {
          "market_cap_usd": "2101330537.3210911914502786",
          "max_supply": null,
          "name": "Stellar",
          "percent_change_24_hr": "-0.5797575094501702",
          "price_usd": "0.1096095384438811",
          "rank": "5",
          "supply": "19171055431.4299000000000000",
          "symbol": "XLM",
        },
      ]
    }
    removeFromFavorites={[MockFunction]}
  />,
  Symbol(enzyme.__renderer__): Object {
    "batchedUpdates": [Function],
    "getNode": [Function],
    "render": [Function],
    "simulateError": [Function],
    "simulateEvent": [Function],
    "unmount": [Function],
  },
  Symbol(enzyme.__node__): Object {
    "instance": null,
    "key": undefined,
    "nodeType": "host",
    "props": Object {
      "children": Array [
        <NewsContainer />,
        <FavoritesContainer
          abbrevCurrencies={
            Array [
              Object {
                "name": "Bitcoin",
                "percent_change": 0.83,
                "price": 3586.16,
                "rank": "1",
                "symbol": "BTC",
              },
              Object {
                "name": "XRP",
                "percent_change": 3.94,
                "price": 0.33,
                "rank": "2",
                "symbol": "XRP",
              },
              Object {
                "name": "Ethereum",
                "percent_change": 0.2,
                "price": 95.07,
                "rank": "3",
                "symbol": "ETH",
              },
              Object {
                "name": "EOS",
                "percent_change": 6.87,
                "price": 2.54,
                "rank": "4",
                "symbol": "EOS",
              },
              Object {
                "name": "Stellar",
                "percent_change": -0.58,
                "price": 0.11,
                "rank": "5",
                "symbol": "XLM",
              },
              Object {
                "name": "Tether",
                "percent_change": -0.37,
                "price": 1.02,
                "rank": "6",
                "symbol": "USDT",
              },
              Object {
                "name": "Bitcoin Cash",
                "percent_change": 12.32,
                "price": 100.65,
                "rank": "7",
                "symbol": "BCH",
              },
              Object {
                "name": "Litecoin",
                "percent_change": -1.97,
                "price": 28.99,
                "rank": "8",
                "symbol": "LTC",
              },
              Object {
                "name": "Bitcoin SV",
                "percent_change": -1.04,
                "price": 81.84,
                "rank": "9",
                "symbol": "BSV",
              },
              Object {
                "name": "TRON",
                "percent_change": 0.17,
                "price": 0.01,
                "rank": "10",
                "symbol": "TRX",
              },
            ]
          }
          addToFavorites={[MockFunction]}
          favorites={
            Array [
              Object {
                "market_cap_usd": "62506159630.7222615731538755",
                "max_supply": "21000000.0000000000000000",
                "name": "Bitcoin",
                "percent_change_24_hr": "0.8320854828625978",
                "price_usd": "3586.1585871814097615",
                "rank": "1",
                "supply": "17429837.0000000000000000",
                "symbol": "BTC",
              },
              Object {
                "market_cap_usd": "13612140064.7471135264064432",
                "max_supply": "100000000000.0000000000000000",
                "name": "XRP",
                "percent_change_24_hr": "3.9433058589033265",
                "price_usd": "0.3339389135808078",
                "rank": "2",
                "supply": "40762365544.0000000000000000",
                "symbol": "XRP",
              },
              Object {
                "market_cap_usd": "9875418262.8035156239002594",
                "max_supply": null,
                "name": "Ethereum",
                "percent_change_24_hr": "0.2048869680495625",
                "price_usd": "95.0699694086438060",
                "rank": "3",
                "supply": "103875264.9678000000000000",
                "symbol": "ETH",
              },
              Object {
                "market_cap_usd": "2299890068.4280425642158096",
                "max_supply": null,
                "name": "EOS",
                "percent_change_24_hr": "6.8707627494412566",
                "price_usd": "2.5378234031415460",
                "rank": "4",
                "supply": "906245117.6000000000000000",
                "symbol": "EOS",
              },
              Object {
                "market_cap_usd": "2101330537.3210911914502786",
                "max_supply": null,
                "name": "Stellar",
                "percent_change_24_hr": "-0.5797575094501702",
                "price_usd": "0.1096095384438811",
                "rank": "5",
                "supply": "19171055431.4299000000000000",
                "symbol": "XLM",
              },
            ]
          }
          removeFromFavorites={[MockFunction]}
        />,
        <LandingCurrencyContainer
          abbrevCurrencies={
            Array [
              Object {
                "name": "Bitcoin",
                "percent_change": 0.83,
                "price": 3586.16,
                "rank": "1",
                "symbol": "BTC",
              },
              Object {
                "name": "XRP",
                "percent_change": 3.94,
                "price": 0.33,
                "rank": "2",
                "symbol": "XRP",
              },
              Object {
                "name": "Ethereum",
                "percent_change": 0.2,
                "price": 95.07,
                "rank": "3",
                "symbol": "ETH",
              },
              Object {
                "name": "EOS",
                "percent_change": 6.87,
                "price": 2.54,
                "rank": "4",
                "symbol": "EOS",
              },
              Object {
                "name": "Stellar",
                "percent_change": -0.58,
                "price": 0.11,
                "rank": "5",
                "symbol": "XLM",
              },
              Object {
                "name": "Tether",
                "percent_change": -0.37,
                "price": 1.02,
                "rank": "6",
                "symbol": "USDT",
              },
              Object {
                "name": "Bitcoin Cash",
                "percent_change": 12.32,
                "price": 100.65,
                "rank": "7",
                "symbol": "BCH",
              },
              Object {
                "name": "Litecoin",
                "percent_change": -1.97,
                "price": 28.99,
                "rank": "8",
                "symbol": "LTC",
              },
              Object {
                "name": "Bitcoin SV",
                "percent_change": -1.04,
                "price": 81.84,
                "rank": "9",
                "symbol": "BSV",
              },
              Object {
                "name": "TRON",
                "percent_change": 0.17,
                "price": 0.01,
                "rank": "10",
                "symbol": "TRX",
              },
            ]
          }
        />,
      ],
      "className": "landing-literal",
    },
    "ref": null,
    "rendered": Array [
      Object {
        "instance": null,
        "key": undefined,
        "nodeType": "class",
        "props": Object {},
        "ref": null,
        "rendered": null,
        "type": [Function],
      },
      Object {
        "instance": null,
        "key": undefined,
        "nodeType": "class",
        "props": Object {
          "abbrevCurrencies": Array [
            Object {
              "name": "Bitcoin",
              "percent_change": 0.83,
              "price": 3586.16,
              "rank": "1",
              "symbol": "BTC",
            },
            Object {
              "name": "XRP",
              "percent_change": 3.94,
              "price": 0.33,
              "rank": "2",
              "symbol": "XRP",
            },
            Object {
              "name": "Ethereum",
              "percent_change": 0.2,
              "price": 95.07,
              "rank": "3",
              "symbol": "ETH",
            },
            Object {
              "name": "EOS",
              "percent_change": 6.87,
              "price": 2.54,
              "rank": "4",
              "symbol": "EOS",
            },
            Object {
              "name": "Stellar",
              "percent_change": -0.58,
              "price": 0.11,
              "rank": "5",
              "symbol": "XLM",
            },
            Object {
              "name": "Tether",
              "percent_change": -0.37,
              "price": 1.02,
              "rank": "6",
              "symbol": "USDT",
            },
            Object {
              "name": "Bitcoin Cash",
              "percent_change": 12.32,
              "price": 100.65,
              "rank": "7",
              "symbol": "BCH",
            },
            Object {
              "name": "Litecoin",
              "percent_change": -1.97,
              "price": 28.99,
              "rank": "8",
              "symbol": "LTC",
            },
            Object {
              "name": "Bitcoin SV",
              "percent_change": -1.04,
              "price": 81.84,
              "rank": "9",
              "symbol": "BSV",
            },
            Object {
              "name": "TRON",
              "percent_change": 0.17,
              "price": 0.01,
              "rank": "10",
              "symbol": "TRX",
            },
          ],
          "addToFavorites": [MockFunction],
          "favorites": Array [
            Object {
              "market_cap_usd": "62506159630.7222615731538755",
              "max_supply": "21000000.0000000000000000",
              "name": "Bitcoin",
              "percent_change_24_hr": "0.8320854828625978",
              "price_usd": "3586.1585871814097615",
              "rank": "1",
              "supply": "17429837.0000000000000000",
              "symbol": "BTC",
            },
            Object {
              "market_cap_usd": "13612140064.7471135264064432",
              "max_supply": "100000000000.0000000000000000",
              "name": "XRP",
              "percent_change_24_hr": "3.9433058589033265",
              "price_usd": "0.3339389135808078",
              "rank": "2",
              "supply": "40762365544.0000000000000000",
              "symbol": "XRP",
            },
            Object {
              "market_cap_usd": "9875418262.8035156239002594",
              "max_supply": null,
              "name": "Ethereum",
              "percent_change_24_hr": "0.2048869680495625",
              "price_usd": "95.0699694086438060",
              "rank": "3",
              "supply": "103875264.9678000000000000",
              "symbol": "ETH",
            },
            Object {
              "market_cap_usd": "2299890068.4280425642158096",
              "max_supply": null,
              "name": "EOS",
              "percent_change_24_hr": "6.8707627494412566",
              "price_usd": "2.5378234031415460",
              "rank": "4",
              "supply": "906245117.6000000000000000",
              "symbol": "EOS",
            },
            Object {
              "market_cap_usd": "2101330537.3210911914502786",
              "max_supply": null,
              "name": "Stellar",
              "percent_change_24_hr": "-0.5797575094501702",
              "price_usd": "0.1096095384438811",
              "rank": "5",
              "supply": "19171055431.4299000000000000",
              "symbol": "XLM",
            },
          ],
          "removeFromFavorites": [MockFunction],
        },
        "ref": null,
        "rendered": null,
        "type": [Function],
      },
      Object {
        "instance": null,
        "key": undefined,
        "nodeType": "class",
        "props": Object {
          "abbrevCurrencies": Array [
            Object {
              "name": "Bitcoin",
              "percent_change": 0.83,
              "price": 3586.16,
              "rank": "1",
              "symbol": "BTC",
            },
            Object {
              "name": "XRP",
              "percent_change": 3.94,
              "price": 0.33,
              "rank": "2",
              "symbol": "XRP",
            },
            Object {
              "name": "Ethereum",
              "percent_change": 0.2,
              "price": 95.07,
              "rank": "3",
              "symbol": "ETH",
            },
            Object {
              "name": "EOS",
              "percent_change": 6.87,
              "price": 2.54,
              "rank": "4",
              "symbol": "EOS",
            },
            Object {
              "name": "Stellar",
              "percent_change": -0.58,
              "price": 0.11,
              "rank": "5",
              "symbol": "XLM",
            },
            Object {
              "name": "Tether",
              "percent_change": -0.37,
              "price": 1.02,
              "rank": "6",
              "symbol": "USDT",
            },
            Object {
              "name": "Bitcoin Cash",
              "percent_change": 12.32,
              "price": 100.65,
              "rank": "7",
              "symbol": "BCH",
            },
            Object {
              "name": "Litecoin",
              "percent_change": -1.97,
              "price": 28.99,
              "rank": "8",
              "symbol": "LTC",
            },
            Object {
              "name": "Bitcoin SV",
              "percent_change": -1.04,
              "price": 81.84,
              "rank": "9",
              "symbol": "BSV",
            },
            Object {
              "name": "TRON",
              "percent_change": 0.17,
              "price": 0.01,
              "rank": "10",
              "symbol": "TRX",
            },
          ],
          "setFilter": undefined,
        },
        "ref": null,
        "rendered": null,
        "type": [Function],
      },
    ],
    "type": "div",
  },
  Symbol(enzyme.__nodes__): Array [
    Object {
      "instance": null,
      "key": undefined,
      "nodeType": "host",
      "props": Object {
        "children": Array [
          <NewsContainer />,
          <FavoritesContainer
            abbrevCurrencies={
              Array [
                Object {
                  "name": "Bitcoin",
                  "percent_change": 0.83,
                  "price": 3586.16,
                  "rank": "1",
                  "symbol": "BTC",
                },
                Object {
                  "name": "XRP",
                  "percent_change": 3.94,
                  "price": 0.33,
                  "rank": "2",
                  "symbol": "XRP",
                },
                Object {
                  "name": "Ethereum",
                  "percent_change": 0.2,
                  "price": 95.07,
                  "rank": "3",
                  "symbol": "ETH",
                },
                Object {
                  "name": "EOS",
                  "percent_change": 6.87,
                  "price": 2.54,
                  "rank": "4",
                  "symbol": "EOS",
                },
                Object {
                  "name": "Stellar",
                  "percent_change": -0.58,
                  "price": 0.11,
                  "rank": "5",
                  "symbol": "XLM",
                },
                Object {
                  "name": "Tether",
                  "percent_change": -0.37,
                  "price": 1.02,
                  "rank": "6",
                  "symbol": "USDT",
                },
                Object {
                  "name": "Bitcoin Cash",
                  "percent_change": 12.32,
                  "price": 100.65,
                  "rank": "7",
                  "symbol": "BCH",
                },
                Object {
                  "name": "Litecoin",
                  "percent_change": -1.97,
                  "price": 28.99,
                  "rank": "8",
                  "symbol": "LTC",
                },
                Object {
                  "name": "Bitcoin SV",
                  "percent_change": -1.04,
                  "price": 81.84,
                  "rank": "9",
                  "symbol": "BSV",
                },
                Object {
                  "name": "TRON",
                  "percent_change": 0.17,
                  "price": 0.01,
                  "rank": "10",
                  "symbol": "TRX",
                },
              ]
            }
            addToFavorites={[MockFunction]}
            favorites={
              Array [
                Object {
                  "market_cap_usd": "62506159630.7222615731538755",
                  "max_supply": "21000000.0000000000000000",
                  "name": "Bitcoin",
                  "percent_change_24_hr": "0.8320854828625978",
                  "price_usd": "3586.1585871814097615",
                  "rank": "1",
                  "supply": "17429837.0000000000000000",
                  "symbol": "BTC",
                },
                Object {
                  "market_cap_usd": "13612140064.7471135264064432",
                  "max_supply": "100000000000.0000000000000000",
                  "name": "XRP",
                  "percent_change_24_hr": "3.9433058589033265",
                  "price_usd": "0.3339389135808078",
                  "rank": "2",
                  "supply": "40762365544.0000000000000000",
                  "symbol": "XRP",
                },
                Object {
                  "market_cap_usd": "9875418262.8035156239002594",
                  "max_supply": null,
                  "name": "Ethereum",
                  "percent_change_24_hr": "0.2048869680495625",
                  "price_usd": "95.0699694086438060",
                  "rank": "3",
                  "supply": "103875264.9678000000000000",
                  "symbol": "ETH",
                },
                Object {
                  "market_cap_usd": "2299890068.4280425642158096",
                  "max_supply": null,
                  "name": "EOS",
                  "percent_change_24_hr": "6.8707627494412566",
                  "price_usd": "2.5378234031415460",
                  "rank": "4",
                  "supply": "906245117.6000000000000000",
                  "symbol": "EOS",
                },
                Object {
                  "market_cap_usd": "2101330537.3210911914502786",
                  "max_supply": null,
                  "name": "Stellar",
                  "percent_change_24_hr": "-0.5797575094501702",
                  "price_usd": "0.1096095384438811",
                  "rank": "5",
                  "supply": "19171055431.4299000000000000",
                  "symbol": "XLM",
                },
              ]
            }
            removeFromFavorites={[MockFunction]}
          />,
          <LandingCurrencyContainer
            abbrevCurrencies={
              Array [
                Object {
                  "name": "Bitcoin",
                  "percent_change": 0.83,
                  "price": 3586.16,
                  "rank": "1",
                  "symbol": "BTC",
                },
                Object {
                  "name": "XRP",
                  "percent_change": 3.94,
                  "price": 0.33,
                  "rank": "2",
                  "symbol": "XRP",
                },
                Object {
                  "name": "Ethereum",
                  "percent_change": 0.2,
                  "price": 95.07,
                  "rank": "3",
                  "symbol": "ETH",
                },
                Object {
                  "name": "EOS",
                  "percent_change": 6.87,
                  "price": 2.54,
                  "rank": "4",
                  "symbol": "EOS",
                },
                Object {
                  "name": "Stellar",
                  "percent_change": -0.58,
                  "price": 0.11,
                  "rank": "5",
                  "symbol": "XLM",
                },
                Object {
                  "name": "Tether",
                  "percent_change": -0.37,
                  "price": 1.02,
                  "rank": "6",
                  "symbol": "USDT",
                },
                Object {
                  "name": "Bitcoin Cash",
                  "percent_change": 12.32,
                  "price": 100.65,
                  "rank": "7",
                  "symbol": "BCH",
                },
                Object {
                  "name": "Litecoin",
                  "percent_change": -1.97,
                  "price": 28.99,
                  "rank": "8",
                  "symbol": "LTC",
                },
                Object {
                  "name": "Bitcoin SV",
                  "percent_change": -1.04,
                  "price": 81.84,
                  "rank": "9",
                  "symbol": "BSV",
                },
                Object {
                  "name": "TRON",
                  "percent_change": 0.17,
                  "price": 0.01,
                  "rank": "10",
                  "symbol": "TRX",
                },
              ]
            }
          />,
        ],
        "className": "landing-literal",
      },
      "ref": null,
      "rendered": Array [
        Object {
          "instance": null,
          "key": undefined,
          "nodeType": "class",
          "props": Object {},
          "ref": null,
          "rendered": null,
          "type": [Function],
        },
        Object {
          "instance": null,
          "key": undefined,
          "nodeType": "class",
          "props": Object {
            "abbrevCurrencies": Array [
              Object {
                "name": "Bitcoin",
                "percent_change": 0.83,
                "price": 3586.16,
                "rank": "1",
                "symbol": "BTC",
              },
              Object {
                "name": "XRP",
                "percent_change": 3.94,
                "price": 0.33,
                "rank": "2",
                "symbol": "XRP",
              },
              Object {
                "name": "Ethereum",
                "percent_change": 0.2,
                "price": 95.07,
                "rank": "3",
                "symbol": "ETH",
              },
              Object {
                "name": "EOS",
                "percent_change": 6.87,
                "price": 2.54,
                "rank": "4",
                "symbol": "EOS",
              },
              Object {
                "name": "Stellar",
                "percent_change": -0.58,
                "price": 0.11,
                "rank": "5",
                "symbol": "XLM",
              },
              Object {
                "name": "Tether",
                "percent_change": -0.37,
                "price": 1.02,
                "rank": "6",
                "symbol": "USDT",
              },
              Object {
                "name": "Bitcoin Cash",
                "percent_change": 12.32,
                "price": 100.65,
                "rank": "7",
                "symbol": "BCH",
              },
              Object {
                "name": "Litecoin",
                "percent_change": -1.97,
                "price": 28.99,
                "rank": "8",
                "symbol": "LTC",
              },
              Object {
                "name": "Bitcoin SV",
                "percent_change": -1.04,
                "price": 81.84,
                "rank": "9",
                "symbol": "BSV",
              },
              Object {
                "name": "TRON",
                "percent_change": 0.17,
                "price": 0.01,
                "rank": "10",
                "symbol": "TRX",
              },
            ],
            "addToFavorites": [MockFunction],
            "favorites": Array [
              Object {
                "market_cap_usd": "62506159630.7222615731538755",
                "max_supply": "21000000.0000000000000000",
                "name": "Bitcoin",
                "percent_change_24_hr": "0.8320854828625978",
                "price_usd": "3586.1585871814097615",
                "rank": "1",
                "supply": "17429837.0000000000000000",
                "symbol": "BTC",
              },
              Object {
                "market_cap_usd": "13612140064.7471135264064432",
                "max_supply": "100000000000.0000000000000000",
                "name": "XRP",
                "percent_change_24_hr": "3.9433058589033265",
                "price_usd": "0.3339389135808078",
                "rank": "2",
                "supply": "40762365544.0000000000000000",
                "symbol": "XRP",
              },
              Object {
                "market_cap_usd": "9875418262.8035156239002594",
                "max_supply": null,
                "name": "Ethereum",
                "percent_change_24_hr": "0.2048869680495625",
                "price_usd": "95.0699694086438060",
                "rank": "3",
                "supply": "103875264.9678000000000000",
                "symbol": "ETH",
              },
              Object {
                "market_cap_usd": "2299890068.4280425642158096",
                "max_supply": null,
                "name": "EOS",
                "percent_change_24_hr": "6.8707627494412566",
                "price_usd": "2.5378234031415460",
                "rank": "4",
                "supply": "906245117.6000000000000000",
                "symbol": "EOS",
              },
              Object {
                "market_cap_usd": "2101330537.3210911914502786",
                "max_supply": null,
                "name": "Stellar",
                "percent_change_24_hr": "-0.5797575094501702",
                "price_usd": "0.1096095384438811",
                "rank": "5",
                "supply": "19171055431.4299000000000000",
                "symbol": "XLM",
              },
            ],
            "removeFromFavorites": [MockFunction],
          },
          "ref": null,
          "rendered": null,
          "type": [Function],
        },
        Object {
          "instance": null,
          "key": undefined,
          "nodeType": "class",
          "props": Object {
            "abbrevCurrencies": Array [
              Object {
                "name": "Bitcoin",
                "percent_change": 0.83,
                "price": 3586.16,
                "rank": "1",
                "symbol": "BTC",
              },
              Object {
                "name": "XRP",
                "percent_change": 3.94,
                "price": 0.33,
                "rank": "2",
                "symbol": "XRP",
              },
              Object {
                "name": "Ethereum",
                "percent_change": 0.2,
                "price": 95.07,
                "rank": "3",
                "symbol": "ETH",
              },
              Object {
                "name": "EOS",
                "percent_change": 6.87,
                "price": 2.54,
                "rank": "4",
                "symbol": "EOS",
              },
              Object {
                "name": "Stellar",
                "percent_change": -0.58,
                "price": 0.11,
                "rank": "5",
                "symbol": "XLM",
              },
              Object {
                "name": "Tether",
                "percent_change": -0.37,
                "price": 1.02,
                "rank": "6",
                "symbol": "USDT",
              },
              Object {
                "name": "Bitcoin Cash",
                "percent_change": 12.32,
                "price": 100.65,
                "rank": "7",
                "symbol": "BCH",
              },
              Object {
                "name": "Litecoin",
                "percent_change": -1.97,
                "price": 28.99,
                "rank": "8",
                "symbol": "LTC",
              },
              Object {
                "name": "Bitcoin SV",
                "percent_change": -1.04,
                "price": 81.84,
                "rank": "9",
                "symbol": "BSV",
              },
              Object {
                "name": "TRON",
                "percent_change": 0.17,
                "price": 0.01,
                "rank": "10",
                "symbol": "TRX",
              },
            ],
            "setFilter": undefined,
          },
          "ref": null,
          "rendered": null,
          "type": [Function],
        },
      ],
      "type": "div",
    },
  ],
  Symbol(enzyme.__options__): Object {
    "adapter": ReactSixteenAdapter {
      "options": Object {
        "enableComponentDidUpdateOnSetState": true,
        "lifecycles": Object {
          "componentDidUpdate": Object {
            "onSetState": true,
          },
          "getDerivedStateFromProps": true,
          "getSnapshotBeforeUpdate": true,
          "setState": Object {
            "skipsComponentDidUpdateOnNullish": true,
          },
        },
      },
    },
  },
}
`;
