// Jest Snapshot v1, https://goo.gl/fbAQLP

exports[`Notes Component should match the snapshot 1`] = `
ShallowWrapper {
  Symbol(enzyme.__root__): [Circular],
  Symbol(enzyme.__unrendered__): <Note
    addToNotes={[MockFunction]}
    note={
      Object {
        "body": "I really need to invest in some bitcoins while the price is down. That way, once it goes back up, I'll be RICH!",
        "title": "Buy some bitcoins!",
      }
    }
    removeFromNotes={[MockFunction]}
  />,
  Symbol(enzyme.__renderer__): Object {
    "batchedUpdates": [Function],
    "getNode": [Function],
    "render": [Function],
    "simulateError": [Function],
    "simulateEvent": [Function],
    "unmount": [Function],
  },
  Symbol(enzyme.__node__): Object {
    "instance": null,
    "key": undefined,
    "nodeType": "host",
    "props": Object {
      "children": Array [
        <h2>
          Buy some bitcoins!
        </h2>,
        <p>
          I really need to invest in some bitcoins while the price is down. That way, once it goes back up, I'll be RICH!
        </p>,
      ],
    },
    "ref": null,
    "rendered": Array [
      Object {
        "instance": null,
        "key": undefined,
        "nodeType": "host",
        "props": Object {
          "children": "Buy some bitcoins!",
        },
        "ref": null,
        "rendered": "Buy some bitcoins!",
        "type": "h2",
      },
      Object {
        "instance": null,
        "key": undefined,
        "nodeType": "host",
        "props": Object {
          "children": "I really need to invest in some bitcoins while the price is down. That way, once it goes back up, I'll be RICH!",
        },
        "ref": null,
        "rendered": "I really need to invest in some bitcoins while the price is down. That way, once it goes back up, I'll be RICH!",
        "type": "p",
      },
    ],
    "type": "div",
  },
  Symbol(enzyme.__nodes__): Array [
    Object {
      "instance": null,
      "key": undefined,
      "nodeType": "host",
      "props": Object {
        "children": Array [
          <h2>
            Buy some bitcoins!
          </h2>,
          <p>
            I really need to invest in some bitcoins while the price is down. That way, once it goes back up, I'll be RICH!
          </p>,
        ],
      },
      "ref": null,
      "rendered": Array [
        Object {
          "instance": null,
          "key": undefined,
          "nodeType": "host",
          "props": Object {
            "children": "Buy some bitcoins!",
          },
          "ref": null,
          "rendered": "Buy some bitcoins!",
          "type": "h2",
        },
        Object {
          "instance": null,
          "key": undefined,
          "nodeType": "host",
          "props": Object {
            "children": "I really need to invest in some bitcoins while the price is down. That way, once it goes back up, I'll be RICH!",
          },
          "ref": null,
          "rendered": "I really need to invest in some bitcoins while the price is down. That way, once it goes back up, I'll be RICH!",
          "type": "p",
        },
      ],
      "type": "div",
    },
  ],
  Symbol(enzyme.__options__): Object {
    "adapter": ReactSixteenAdapter {
      "options": Object {
        "enableComponentDidUpdateOnSetState": true,
        "lifecycles": Object {
          "componentDidUpdate": Object {
            "onSetState": true,
          },
          "getDerivedStateFromProps": true,
          "getSnapshotBeforeUpdate": true,
          "setState": Object {
            "skipsComponentDidUpdateOnNullish": true,
          },
        },
      },
    },
  },
}
`;
