// Jest Snapshot v1, https://goo.gl/fbAQLP

exports[`LandingCurrency Component should match the snapshot 1`] = `undefined`;
